[2m23:32:18[22m [31m[1m[vite][22m[39m [31m[2m(client)[22m[39m [31m[Unhandled error] [1mTypeError[22m: Cannot read properties of undefined (reading 'slice')
[39m > isTaskNotStartedByDate src/TaskView.tsx:50:72
    48 |  
    49 |  function isTaskNotStartedByDate(task: TaskItem) {
    50 |    return !isTaskClosed(task) && task.start_at !== null && task.start_at.slice(0, 10) > todayKey()
       |                                                                          ^
    51 |  }
    52 |  
 > taskBelongsToTab src/TaskView.tsx:57:33
 > src/TaskView.tsx:195:17
 > src/TaskView.tsx:191:22
 > updateMemo node_modules/react-dom/cjs/react-dom-client.development.js:8795:18
 > Object.useMemo node_modules/react-dom/cjs/react-dom-client.development.js:26484:17
 > exports.useMemo node_modules/react/cjs/react.development.js:1251:33
 > TaskView src/TaskView.tsx:188:23
 > Object.react_stack_bottom_frame node_modules/react-dom/cjs/react-dom-client.development.js:25904:19

[2m23:32:18[22m [33m[1m[vite][22m[39m [33m[2m(client)[22m[39m [2m[console.warn] [22mAn error occurred in the <TaskView> component.

Consider adding an error boundary to your tree to customize error handling behavior.
Visit https://react.dev/link/error-boundaries to learn more about error boundaries.

[2m23:32:28[22m [31m[1m[vite][22m[39m [31m[2m(client)[22m[39m [31m[Unhandled error] [1mTypeError[22m: Cannot read properties of undefined (reading 'slice')
[39m > isTaskNotStartedByDate src/TaskView.tsx:50:72
    48 |  
    49 |  function isTaskNotStartedByDate(task: TaskItem) {
    50 |    return !isTaskClosed(task) && task.start_at !== null && task.start_at.slice(0, 10) > todayKey()
       |                                                                          ^
    51 |  }
    52 |  
 > taskBelongsToTab src/TaskView.tsx:57:33
 > src/TaskView.tsx:195:17
 > src/TaskView.tsx:191:22
 > updateMemo node_modules/react-dom/cjs/react-dom-client.development.js:8795:18
 > Object.useMemo node_modules/react-dom/cjs/react-dom-client.development.js:26484:17
 > exports.useMemo node_modules/react/cjs/react.development.js:1251:33
 > TaskView src/TaskView.tsx:188:23
 > Object.react_stack_bottom_frame node_modules/react-dom/cjs/react-dom-client.development.js:25904:19

[2m23:32:28[22m [33m[1m[vite][22m[39m [33m[2m(client)[22m[39m [2m[console.warn] [22mAn error occurred in the <TaskView> component.

Consider adding an error boundary to your tree to customize error handling behavior.
Visit https://react.dev/link/error-boundaries to learn more about error boundaries.

[2m0:16:00[22m [31m[1m[vite][22m[39m [31m[2m(client)[22m[39m [31m[Unhandled error] [1mReferenceError[22m: isCreatingSubtask is not defined
[39m > TaskDetailView src/TaskDetailView.tsx:457:32
    455 |                      <input
    456 |                        aria-label={t('tasks.detail.subtaskTitle')}
    457 |                        disabled={isCreatingSubtask}
        |                                  ^
    458 |                        onChange={(event) => setSubtaskTitleDraft(event.target.value)}
    459 |                        onKeyDown={(event) => {
 > Object.react_stack_bottom_frame node_modules/react-dom/cjs/react-dom-client.development.js:25904:19
 > renderWithHooks node_modules/react-dom/cjs/react-dom-client.development.js:7662:21
 > updateFunctionComponent node_modules/react-dom/cjs/react-dom-client.development.js:10166:18
 > beginWork node_modules/react-dom/cjs/react-dom-client.development.js:11778:17
 > runWithFiberInDEV node_modules/react-dom/cjs/react-dom-client.development.js:871:29
 > performUnitOfWork node_modules/react-dom/cjs/react-dom-client.development.js:17641:21
 > workLoopSync node_modules/react-dom/cjs/react-dom-client.development.js:17469:40
 > renderRootSync node_modules/react-dom/cjs/react-dom-client.development.js:17450:10
 > performWorkOnRoot node_modules/react-dom/cjs/react-dom-client.development.js:16583:34

[2m0:16:00[22m [33m[1m[vite][22m[39m [33m[2m(client)[22m[39m [2m[console.warn] [22mAn error occurred in the <TaskDetailView> component.

Consider adding an error boundary to your tree to customize error handling behavior.
Visit https://react.dev/link/error-boundaries to learn more about error boundaries.

